
WordPress Playground CLI

PHP 8.3  WordPress 6.4
Extensions intl
Mount ./plugins/realestate-platform → /wordpress/wp-content/plugins/realestate-platform


Ready! WordPress is running on http://127.0.0.1:9400 (1 worker)

{
    "status": "PASS",
    "engine": "SQLite",
    "results": {
        "0": {
            "pass": true,
            "count": 0,
            "duplicates": 0,
            "seconds": 0.014000177383422852,
            "memory_delta": 0,
            "stats": {
                "processed": 0,
                "failed": 0,
                "batches": 0
            }
        },
        "10": {
            "pass": true,
            "count": 10,
            "duplicates": 0,
            "seconds": 0.3300001621246338,
            "memory_delta": 0,
            "stats": {
                "processed": 10,
                "failed": 0,
                "batches": 1
            }
        },
        "100": {
            "pass": true,
            "count": 100,
            "duplicates": 0,
            "seconds": 3.430000066757202,
            "memory_delta": 0,
            "stats": {
                "processed": 100,
                "failed": 0,
                "batches": 2
            }
        },
        "1000": {
            "pass": true,
            "count": 1000,
            "duplicates": 0,
            "seconds": 32.96799993515015,
            "memory_delta": 8388608,
            "stats": {
                "processed": 1000,
                "failed": 0,
                "batches": 14
            }
        }
    }
}
