
WordPress Playground CLI

PHP 8.3  WordPress 6.4
Extensions intl
Mount ./plugins/realestate-platform → /wordpress/wp-content/plugins/realestate-platform


Ready! WordPress is running on http://127.0.0.1:9400 (1 worker)

{
    "status": "PASS",
    "checks": {
        "project_create": {
            "pass": true,
            "detail": ""
        },
        "project_read": {
            "pass": true,
            "detail": ""
        },
        "project_update_publish": {
            "pass": true,
            "detail": ""
        },
        "project_unpublish": {
            "pass": true,
            "detail": ""
        },
        "project_taxonomy": {
            "pass": true,
            "detail": ""
        },
        "project_media": {
            "pass": true,
            "detail": ""
        },
        "project_slug_collision": {
            "pass": true,
            "detail": ""
        },
        "project_trash": {
            "pass": true,
            "detail": ""
        },
        "project_restore": {
            "pass": true,
            "detail": ""
        },
        "project_delete": {
            "pass": true,
            "detail": ""
        },
        "insight_create": {
            "pass": true,
            "detail": ""
        },
        "insight_read": {
            "pass": true,
            "detail": ""
        },
        "insight_update_publish": {
            "pass": true,
            "detail": ""
        },
        "insight_unpublish": {
            "pass": true,
            "detail": ""
        },
        "insight_taxonomy": {
            "pass": true,
            "detail": ""
        },
        "insight_media": {
            "pass": true,
            "detail": ""
        },
        "insight_slug_collision": {
            "pass": true,
            "detail": ""
        },
        "insight_trash": {
            "pass": true,
            "detail": ""
        },
        "insight_restore": {
            "pass": true,
            "detail": ""
        },
        "insight_delete": {
            "pass": true,
            "detail": ""
        },
        "invalid_coordinate_no_mutation": {
            "pass": true,
            "detail": ""
        },
        "invalid_media_no_mutation": {
            "pass": true,
            "detail": ""
        },
        "project_permission": {
            "pass": true,
            "detail": ""
        },
        "projects_rest_read": {
            "pass": true,
            "detail": ""
        },
        "projects_malformed_rejected": {
            "pass": true,
            "detail": "status=400 data={\"code\":\"rest_invalid_type\",\"message\":\"meta.rep_latitude is not of type number.\",\"data\":{\"status\":400},\"additional_data\":[{\"param\":\"meta.rep_latitude\"}]}"
        },
        "projects_malformed_no_mutation": {
            "pass": true,
            "detail": ""
        },
        "insights_rest_read": {
            "pass": true,
            "detail": ""
        },
        "insights_malformed_rejected": {
            "pass": true,
            "detail": "status=400 data={\"code\":\"rest_invalid_type\",\"message\":\"meta.rep_reading_time is not of type integer.\",\"data\":{\"status\":400},\"additional_data\":[{\"param\":\"meta.rep_reading_time\"}]}"
        },
        "insights_malformed_no_mutation": {
            "pass": true,
            "detail": ""
        },
        "unique_field_keys": {
            "pass": true,
            "detail": ""
        },
        "unique_taxonomies": {
            "pass": true,
            "detail": ""
        },
        "unique_cpts": {
            "pass": true,
            "detail": ""
        },
        "performance_10": {
            "pass": true,
            "detail": "{\"create_seconds\":1.0410001277923584,\"list_seconds\":0.007999897003173828,\"query_count\":2,\"memory_delta\":0,\"rest_bytes\":114}"
        },
        "performance_100": {
            "pass": true,
            "detail": "{\"create_seconds\":9.026000022888184,\"list_seconds\":0.00800013542175293,\"query_count\":2,\"memory_delta\":0,\"rest_bytes\":114}"
        },
        "performance_1000": {
            "pass": true,
            "detail": "{\"create_seconds\":83.96200013160706,\"list_seconds\":0.007999897003173828,\"query_count\":2,\"memory_delta\":0,\"rest_bytes\":114}"
        },
        "no_orphan_entities": {
            "pass": true,
            "detail": ""
        }
    },
    "performance": {
        "10": {
            "create_seconds": 1.0410001277923584,
            "list_seconds": 0.007999897003173828,
            "query_count": 2,
            "memory_delta": 0,
            "rest_bytes": 114
        },
        "100": {
            "create_seconds": 9.026000022888184,
            "list_seconds": 0.00800013542175293,
            "query_count": 2,
            "memory_delta": 0,
            "rest_bytes": 114
        },
        "1000": {
            "create_seconds": 83.96200013160706,
            "list_seconds": 0.007999897003173828,
            "query_count": 2,
            "memory_delta": 0,
            "rest_bytes": 114
        }
    }
}
